### Failure in: 0:0:Valida Mapa 01
tests/Fase1.hs:696
expected: True
 but got: False
### Failure in: 0:15:"Invalido 02: n\227o tem caminho"
tests/Fase1.hs:711
expected: False
 but got: True
### Failure in: 0:17:"Invalido 04: n\227o tem caminho"
tests/Fase1.hs:713
expected: False
 but got: True
### Failure in: 1:0:Construir Mapa 01
tests/Fase1.hs:722
expected: [[Vazio,Vazio,Vazio,Vazio,Vazio,Vazio,Vazio],[Vazio,Vazio,Vazio,Vazio,Vazio,Vazio,Bloco],[Vazio,Vazio,Vazio,Vazio,Vazio,Vazio,Bloco],[Porta,Vazio,Bloco,Vazio,Caixa,Vazio,Bloco],[Bloco,Bloco,Bloco,Bloco,Bloco,Bloco,Bloco]]
 but got: [[Vazio,Vazio,Vazio,Vazio,Vazio,Vazio,Vazio],[Vazio,Vazio,Vazio,Vazio,Vazio,Vazio,Vazio,Bloco],[Vazio,Vazio,Vazio,Vazio,Vazio,Vazio,Vazio,Vazio,Bloco],[Vazio,Vazio,Vazio,Porta,Vazio,Bloco,Vazio,Caixa,Vazio,Bloco],[Vazio,Vazio,Vazio,Vazio,Bloco,Bloco,Bloco,Bloco,Bloco,Bloco,Bloco]]
### Failure in: 1:1:Construir Mapa 02
tests/Fase1.hs:723
expected: [[Porta,Vazio,Vazio,Vazio,Vazio,Vazio],[Bloco,Bloco,Bloco,Bloco,Bloco,Bloco]]
 but got: [[Porta,Vazio,Vazio,Vazio,Vazio,Vazio],[Vazio,Bloco,Bloco,Bloco,Bloco,Bloco,Bloco]]
### Failure in: 1:2:Construir Mapa 03
tests/Fase1.hs:724
expected: [[Vazio,Vazio,Vazio,Vazio,Vazio,Vazio],[Porta,Vazio,Bloco,Vazio,Vazio,Vazio],[Bloco,Bloco,Bloco,Bloco,Bloco,Bloco]]
 but got: [[Vazio,Vazio,Vazio,Vazio,Vazio,Vazio],[Vazio,Porta,Vazio,Bloco,Vazio,Vazio,Vazio],[Vazio,Vazio,Bloco,Bloco,Bloco,Bloco,Bloco,Bloco]]
### Failure in: 1:3:Construir Mapa 04
tests/Fase1.hs:725
expected: [[Vazio,Vazio,Vazio,Vazio,Vazio,Vazio,Vazio],[Vazio,Vazio,Vazio,Vazio,Vazio,Vazio,Bloco],[Vazio,Vazio,Bloco,Vazio,Vazio,Vazio,Bloco],[Porta,Vazio,Bloco,Vazio,Vazio,Vazio,Bloco],[Bloco,Bloco,Bloco,Bloco,Bloco,Bloco,Bloco]]
 but got: [[Vazio,Vazio,Vazio,Vazio,Vazio,Vazio,Vazio],[Vazio,Vazio,Vazio,Vazio,Vazio,Vazio,Vazio,Bloco],[Vazio,Vazio,Vazio,Vazio,Bloco,Vazio,Vazio,Vazio,Bloco],[Vazio,Vazio,Vazio,Porta,Vazio,Bloco,Vazio,Vazio,Vazio,Bloco],[Vazio,Vazio,Vazio,Vazio,Bloco,Bloco,Bloco,Bloco,Bloco,Bloco,Bloco]]
### Failure in: 1:4:Construir Mapa 05
tests/Fase1.hs:726
expected: [[Vazio,Vazio,Vazio,Vazio,Vazio,Vazio,Vazio],[Vazio,Vazio,Bloco,Vazio,Vazio,Vazio,Bloco],[Vazio,Vazio,Vazio,Vazio,Vazio,Vazio,Bloco],[Porta,Vazio,Bloco,Vazio,Vazio,Vazio,Bloco],[Bloco,Bloco,Bloco,Bloco,Bloco,Bloco,Bloco]]
 but got: [[Vazio,Vazio,Vazio,Vazio,Vazio,Vazio,Vazio],[Vazio,Vazio,Vazio,Bloco,Vazio,Vazio,Vazio,Bloco],[Vazio,Vazio,Vazio,Vazio,Vazio,Vazio,Vazio,Vazio,Bloco],[Vazio,Vazio,Vazio,Porta,Vazio,Bloco,Vazio,Vazio,Vazio,Bloco],[Vazio,Vazio,Vazio,Vazio,Bloco,Bloco,Bloco,Bloco,Bloco,Bloco,Bloco]]
### Failure in: 1:5:Construir Mapa 06
tests/Fase1.hs:727
expected: [[Vazio,Vazio,Vazio,Vazio,Vazio,Vazio,Vazio],[Vazio,Vazio,Vazio,Vazio,Vazio,Vazio,Bloco],[Vazio,Vazio,Bloco,Vazio,Vazio,Vazio,Bloco],[Porta,Vazio,Bloco,Caixa,Vazio,Vazio,Bloco],[Bloco,Bloco,Bloco,Bloco,Bloco,Bloco,Bloco]]
 but got: [[Vazio,Vazio,Vazio,Vazio,Vazio,Vazio,Vazio],[Vazio,Vazio,Vazio,Vazio,Vazio,Vazio,Vazio,Bloco],[Vazio,Vazio,Vazio,Vazio,Bloco,Vazio,Vazio,Vazio,Bloco],[Vazio,Vazio,Vazio,Porta,Vazio,Bloco,Caixa,Vazio,Vazio,Bloco],[Vazio,Vazio,Vazio,Vazio,Bloco,Bloco,Bloco,Bloco,Bloco,Bloco,Bloco]]
### Failure in: 1:6:Construir Mapa 07
tests/Fase1.hs:728
expected: [[Vazio,Vazio,Vazio,Bloco,Vazio,Vazio],[Porta,Vazio,Caixa,Vazio,Vazio,Vazio],[Bloco,Bloco,Bloco,Bloco,Bloco,Bloco]]
 but got: [[Vazio,Vazio,Vazio,Bloco,Vazio,Vazio],[Vazio,Porta,Vazio,Caixa,Vazio,Vazio,Vazio],[Vazio,Vazio,Bloco,Bloco,Bloco,Bloco,Bloco,Bloco]]
### Failure in: 1:7:Construir Mapa 08
tests/Fase1.hs:729
expected: [[Vazio,Vazio,Bloco,Vazio,Vazio,Vazio],[Porta,Vazio,Caixa,Vazio,Vazio,Vazio],[Bloco,Bloco,Bloco,Bloco,Bloco,Bloco]]
 but got: [[Vazio,Vazio,Bloco,Vazio,Vazio,Vazio],[Vazio,Porta,Vazio,Caixa,Vazio,Vazio,Vazio],[Vazio,Vazio,Bloco,Bloco,Bloco,Bloco,Bloco,Bloco]]
### Failure in: 1:8:Construir Mapa 09
tests/Fase1.hs:730
expected: [[Bloco,Vazio,Vazio,Vazio,Vazio,Vazio,Vazio,Vazio,Vazio,Vazio,Vazio,Vazio,Vazio,Vazio,Vazio,Vazio,Vazio,Vazio,Vazio,Bloco],[Bloco,Vazio,Vazio,Vazio,Vazio,Vazio,Vazio,Vazio,Vazio,Vazio,Vazio,Vazio,Vazio,Vazio,Vazio,Vazio,Vazio,Vazio,Vazio,Bloco],[Bloco,Vazio,Vazio,Vazio,Vazio,Vazio,Vazio,Vazio,Vazio,Vazio,Vazio,Vazio,Vazio,Vazio,Vazio,Vazio,Vazio,Vazio,Vazio,Bloco],[Bloco,Vazio,Vazio,Vazio,Vazio,Vazio,Vazio,Vazio,Vazio,Vazio,Vazio,Vazio,Vazio,Vazio,Vazio,Vazio,Vazio,Vazio,Vazio,Bloco],[Bloco,Vazio,Vazio,Vazio,Vazio,Vazio,Vazio,Vazio,Vazio,Vazio,Vazio,Vazio,Vazio,Vazio,Vazio,Vazio,Vazio,Vazio,Vazio,Bloco],[Bloco,Vazio,Vazio,Vazio,Bloco,Vazio,Vazio,Vazio,Vazio,Vazio,Vazio,Vazio,Bloco,Vazio,Vazio,Vazio,Vazio,Vazio,Vazio,Bloco],[Bloco,Porta,Vazio,Vazio,Bloco,Vazio,Vazio,Vazio,Bloco,Vazio,Caixa,Vazio,Bloco,Vazio,Vazio,Caixa,Vazio,Vazio,Vazio,Bloco],[Bloco,Bloco,Bloco,Bloco,Bloco,Bloco,Bloco,Bloco,Bloco,Bloco,Bloco,Bloco,Bloco,Bloco,Bloco,Bloco,Bloco,Bloco,Bloco,Bloco]]
 but got: [[Bloco,Vazio,Vazio,Vazio,Vazio,Vazio,Vazio,Vazio,Vazio,Vazio,Vazio,Vazio,Vazio,Vazio,Vazio,Vazio,Vazio,Vazio,Vazio,Bloco],[Vazio,Bloco,Vazio,Vazio,Vazio,Vazio,Vazio,Vazio,Vazio,Vazio,Vazio,Vazio,Vazio,Vazio,Vazio,Vazio,Vazio,Vazio,Vazio,Vazio,Bloco],[Vazio,Vazio,Bloco,Vazio,Vazio,Vazio,Vazio,Vazio,Vazio,Vazio,Vazio,Vazio,Vazio,Vazio,Vazio,Vazio,Vazio,Vazio,Vazio,Vazio,Vazio,Bloco],[Vazio,Vazio,Vazio,Bloco,Vazio,Vazio,Vazio,Vazio,Vazio,Vazio,Vazio,Vazio,Vazio,Vazio,Vazio,Vazio,Vazio,Vazio,Vazio,Vazio,Vazio,Vazio,Bloco],[Vazio,Vazio,Vazio,Vazio,Bloco,Vazio,Vazio,Vazio,Vazio,Vazio,Vazio,Vazio,Vazio,Vazio,Vazio,Vazio,Vazio,Vazio,Vazio,Vazio,Vazio,Vazio,Vazio,Bloco],[Vazio,Vazio,Vazio,Vazio,Vazio,Bloco,Vazio,Vazio,Vazio,Bloco,Vazio,Vazio,Vazio,Vazio,Vazio,Vazio,Vazio,Bloco,Vazio,Vazio,Vazio,Vazio,Vazio,Vazio,Bloco],[Vazio,Vazio,Vazio,Vazio,Vazio,Vazio,Bloco,Porta,Vazio,Vazio,Bloco,Vazio,Vazio,Vazio,Bloco,Vazio,Caixa,Vazio,Bloco,Vazio,Vazio,Caixa,Vazio,Vazio,Vazio,Bloco],[Vazio,Vazio,Vazio,Vazio,Vazio,Vazio,Vazio,Bloco,Bloco,Bloco,Bloco,Bloco,Bloco,Bloco,Bloco,Bloco,Bloco,Bloco,Bloco,Bloco,Bloco,Bloco,Bloco,Bloco,Bloco,Bloco,Bloco]]
### Failure in: 1:9:Construir Mapa 10
tests/Fase1.hs:731
expected: [[Vazio,Vazio,Vazio,Vazio,Vazio,Vazio,Vazio,Vazio,Vazio,Vazio,Vazio,Vazio,Vazio,Vazio,Vazio,Vazio,Vazio,Vazio,Vazio,Vazio],[Vazio,Vazio,Vazio,Vazio,Vazio,Vazio,Vazio,Vazio,Vazio,Vazio,Vazio,Vazio,Vazio,Vazio,Vazio,Vazio,Vazio,Vazio,Vazio,Vazio],[Vazio,Vazio,Vazio,Vazio,Vazio,Vazio,Vazio,Vazio,Vazio,Vazio,Vazio,Vazio,Vazio,Vazio,Vazio,Vazio,Vazio,Vazio,Vazio,Vazio],[Vazio,Vazio,Vazio,Vazio,Vazio,Vazio,Vazio,Vazio,Vazio,Vazio,Vazio,Vazio,Vazio,Vazio,Vazio,Vazio,Vazio,Vazio,Vazio,Vazio],[Vazio,Vazio,Vazio,Vazio,Vazio,Vazio,Vazio,Vazio,Vazio,Vazio,Vazio,Vazio,Vazio,Vazio,Vazio,Vazio,Vazio,Vazio,Vazio,Vazio],[Vazio,Vazio,Vazio,Vazio,Bloco,Vazio,Vazio,Vazio,Vazio,Vazio,Vazio,Vazio,Bloco,Vazio,Vazio,Vazio,Vazio,Vazio,Vazio,Vazio],[Vazio,Porta,Vazio,Vazio,Bloco,Vazio,Vazio,Vazio,Bloco,Vazio,Caixa,Vazio,Bloco,Vazio,Vazio,Caixa,Vazio,Vazio,Vazio,Vazio],[Bloco,Bloco,Bloco,Bloco,Bloco,Bloco,Bloco,Bloco,Bloco,Bloco,Bloco,Bloco,Bloco,Bloco,Bloco,Bloco,Bloco,Bloco,Bloco,Bloco]]
 but got: [[Vazio,Vazio,Vazio,Vazio,Vazio,Vazio,Vazio,Vazio,Vazio,Vazio,Vazio,Vazio,Vazio,Vazio,Vazio,Vazio,Vazio,Vazio,Vazio,Vazio],[Vazio,Vazio,Vazio,Vazio,Vazio,Vazio,Vazio,Vazio,Vazio,Vazio,Vazio,Vazio,Vazio,Vazio,Vazio,Vazio,Vazio,Vazio,Vazio,Vazio,Vazio],[Vazio,Vazio,Vazio,Vazio,Vazio,Vazio,Vazio,Vazio,Vazio,Vazio,Vazio,Vazio,Vazio,Vazio,Vazio,Vazio,Vazio,Vazio,Vazio,Vazio,Vazio,Vazio],[Vazio,Vazio,Vazio,Vazio,Vazio,Vazio,Vazio,Vazio,Vazio,Vazio,Vazio,Vazio,Vazio,Vazio,Vazio,Vazio,Vazio,Vazio,Vazio,Vazio,Vazio,Vazio,Vazio],[Vazio,Vazio,Vazio,Vazio,Vazio,Vazio,Vazio,Vazio,Vazio,Vazio,Vazio,Vazio,Vazio,Vazio,Vazio,Vazio,Vazio,Vazio,Vazio,Vazio,Vazio,Vazio,Vazio,Vazio],[Vazio,Vazio,Vazio,Vazio,Vazio,Vazio,Vazio,Vazio,Vazio,Bloco,Vazio,Vazio,Vazio,Vazio,Vazio,Vazio,Vazio,Bloco,Vazio,Vazio,Vazio,Vazio,Vazio,Vazio,Vazio],[Vazio,Vazio,Vazio,Vazio,Vazio,Vazio,Vazio,Porta,Vazio,Vazio,Bloco,Vazio,Vazio,Vazio,Bloco,Vazio,Caixa,Vazio,Bloco,Vazio,Vazio,Caixa,Vazio,Vazio,Vazio,Vazio],[Vazio,Vazio,Vazio,Vazio,Vazio,Vazio,Vazio,Bloco,Bloco,Bloco,Bloco,Bloco,Bloco,Bloco,Bloco,Bloco,Bloco,Bloco,Bloco,Bloco,Bloco,Bloco,Bloco,Bloco,Bloco,Bloco,Bloco]]
### Failure in: 1:10:Construir Mapa 11
tests/Fase1.hs:732
expected: [[Vazio,Vazio,Vazio,Vazio,Vazio,Vazio,Vazio,Vazio,Vazio,Vazio,Vazio,Vazio,Vazio,Vazio,Vazio,Vazio,Vazio,Vazio,Vazio,Bloco,Vazio,Vazio,Vazio,Vazio,Vazio],[Vazio,Vazio,Vazio,Vazio,Vazio,Vazio,Vazio,Vazio,Vazio,Vazio,Vazio,Vazio,Vazio,Vazio,Vazio,Vazio,Vazio,Vazio,Bloco,Vazio,Bloco,Vazio,Vazio,Vazio,Vazio],[Vazio,Vazio,Vazio,Vazio,Vazio,Vazio,Vazio,Vazio,Vazio,Vazio,Vazio,Vazio,Vazio,Vazio,Vazio,Vazio,Vazio,Bloco,Vazio,Vazio,Vazio,Bloco,Vazio,Vazio,Vazio],[Vazio,Vazio,Vazio,Vazio,Vazio,Vazio,Vazio,Bloco,Vazio,Vazio,Vazio,Vazio,Vazio,Vazio,Vazio,Vazio,Bloco,Vazio,Vazio,Vazio,Vazio,Vazio,Bloco,Vazio,Vazio],[Vazio,Vazio,Vazio,Vazio,Vazio,Vazio,Bloco,Vazio,Bloco,Vazio,Vazio,Vazio,Vazio,Vazio,Vazio,Bloco,Vazio,Vazio,Vazio,Vazio,Vazio,Vazio,Vazio,Bloco,Vazio],[Vazio,Vazio,Vazio,Bloco,Bloco,Bloco,Vazio,Vazio,Vazio,Bloco,Vazio,Vazio,Vazio,Vazio,Bloco,Vazio,Vazio,Vazio,Vazio,Vazio,Vazio,Vazio,Vazio,Vazio,Bloco],[Vazio,Vazio,Bloco,Vazio,Vazio,Vazio,Vazio,Vazio,Vazio,Vazio,Bloco,Vazio,Vazio,Bloco,Vazio,Vazio,Vazio,Vazio,Vazio,Vazio,Vazio,Vazio,Vazio,Vazio,Bloco],[Vazio,Bloco,Vazio,Vazio,Vazio,Vazio,Vazio,Vazio,Vazio,Vazio,Vazio,Bloco,Bloco,Vazio,Vazio,Vazio,Vazio,Vazio,Vazio,Vazio,Vazio,Vazio,Vazio,Vazio,Bloco],[Vazio,Bloco,Vazio,Vazio,Vazio,Vazio,Vazio,Vazio,Vazio,Vazio,Vazio,Vazio,Vazio,Vazio,Vazio,Vazio,Vazio,Vazio,Vazio,Vazio,Vazio,Vazio,Vazio,Vazio,Bloco],[Vazio,Bloco,Vazio,Vazio,Vazio,Vazio,Vazio,Vazio,Vazio,Vazio,Vazio,Vazio,Vazio,Vazio,Vazio,Vazio,Vazio,Vazio,Vazio,Vazio,Vazio,Vazio,Vazio,Caixa,Bloco],[Vazio,Bloco,Vazio,Vazio,Vazio,Vazio,Vazio,Vazio,Vazio,Vazio,Vazio,Vazio,Vazio,Vazio,Vazio,Vazio,Vazio,Vazio,Vazio,Vazio,Vazio,Vazio,Caixa,Caixa,Bloco],[Vazio,Bloco,Vazio,Vazio,Vazio,Vazio,Vazio,Vazio,Vazio,Vazio,Vazio,Vazio,Vazio,Vazio,Vazio,Vazio,Vazio,Vazio,Vazio,Vazio,Vazio,Vazio,Bloco,Bloco,Bloco],[Bloco,Bloco,Vazio,Vazio,Vazio,Vazio,Bloco,Vazio,Vazio,Vazio,Vazio,Vazio,Vazio,Vazio,Vazio,Vazio,Vazio,Bloco,Vazio,Vazio,Vazio,Vazio,Bloco,Vazio,Vazio],[Bloco,Porta,Vazio,Vazio,Vazio,Vazio,Bloco,Vazio,Caixa,Vazio,Vazio,Vazio,Vazio,Vazio,Vazio,Vazio,Vazio,Bloco,Bloco,Bloco,Bloco,Bloco,Bloco,Vazio,Vazio],[Bloco,Bloco,Bloco,Bloco,Bloco,Vazio,Bloco,Vazio,Caixa,Vazio,Vazio,Vazio,Caixa,Vazio,Vazio,Bloco,Bloco,Bloco,Vazio,Vazio,Vazio,Vazio,Vazio,Vazio,Vazio],[Vazio,Vazio,Vazio,Vazio,Bloco,Vazio,Bloco,Vazio,Caixa,Vazio,Bloco,Vazio,Bloco,Caixa,Vazio,Bloco,Vazio,Vazio,Vazio,Vazio,Vazio,Vazio,Vazio,Vazio,Vazio],[Vazio,Vazio,Vazio,Vazio,Bloco,Vazio,Bloco,Bloco,Bloco,Bloco,Bloco,Bloco,Bloco,Bloco,Bloco,Bloco,Vazio,Vazio,Vazio,Vazio,Vazio,Vazio,Vazio,Vazio,Vazio],[Vazio,Vazio,Vazio,Vazio,Bloco,Bloco,Bloco,Vazio,Vazio,Vazio,Vazio,Vazio,Vazio,Vazio,Vazio,Vazio,Vazio,Vazio,Vazio,Vazio,Vazio,Vazio,Vazio,Vazio,Vazio]]
 but got: [[Vazio,Vazio,Vazio,Vazio,Vazio,Vazio,Vazio,Vazio,Vazio,Vazio,Vazio,Vazio,Vazio,Vazio,Vazio,Vazio,Vazio,Vazio,Vazio,Bloco,Vazio,Vazio,Vazio,Vazio,Vazio],[Vazio,Vazio,Vazio,Vazio,Vazio,Vazio,Vazio,Vazio,Vazio,Vazio,Vazio,Vazio,Vazio,Vazio,Vazio,Vazio,Vazio,Vazio,Vazio,Bloco,Vazio,Bloco,Vazio,Vazio,Vazio,Vazio],[Vazio,Vazio,Vazio,Vazio,Vazio,Vazio,Vazio,Vazio,Vazio,Vazio,Vazio,Vazio,Vazio,Vazio,Vazio,Vazio,Vazio,Vazio,Vazio,Bloco,Vazio,Vazio,Vazio,Bloco,Vazio,Vazio,Vazio],[Vazio,Vazio,Vazio,Vazio,Vazio,Vazio,Vazio,Vazio,Vazio,Vazio,Bloco,Vazio,Vazio,Vazio,Vazio,Vazio,Vazio,Vazio,Vazio,Bloco,Vazio,Vazio,Vazio,Vazio,Vazio,Bloco,Vazio,Vazio],[Vazio,Vazio,Vazio,Vazio,Vazio,Vazio,Vazio,Vazio,Vazio,Vazio,Bloco,Vazio,Bloco,Vazio,Vazio,Vazio,Vazio,Vazio,Vazio,Bloco,Vazio,Vazio,Vazio,Vazio,Vazio,Vazio,Vazio,Bloco,Vazio],[Vazio,Vazio,Vazio,Vazio,Vazio,Vazio,Vazio,Vazio,Bloco,Bloco,Bloco,Vazio,Vazio,Vazio,Bloco,Vazio,Vazio,Vazio,Vazio,Bloco,Vazio,Vazio,Vazio,Vazio,Vazio,Vazio,Vazio,Vazio,Vazio,Bloco],[Vazio,Vazio,Vazio,Vazio,Vazio,Vazio,Vazio,Vazio,Bloco,Vazio,Vazio,Vazio,Vazio,Vazio,Vazio,Vazio,Bloco,Vazio,Vazio,Bloco,Vazio,Vazio,Vazio,Vazio,Vazio,Vazio,Vazio,Vazio,Vazio,Vazio,Bloco],[Vazio,Vazio,Vazio,Vazio,Vazio,Vazio,Vazio,Vazio,Bloco,Vazio,Vazio,Vazio,Vazio,Vazio,Vazio,Vazio,Vazio,Vazio,Bloco,Bloco,Vazio,Vazio,Vazio,Vazio,Vazio,Vazio,Vazio,Vazio,Vazio,Vazio,Vazio,Bloco],[Vazio,Vazio,Vazio,Vazio,Vazio,Vazio,Vazio,Vazio,Vazio,Bloco,Vazio,Vazio,Vazio,Vazio,Vazio,Vazio,Vazio,Vazio,Vazio,Vazio,Vazio,Vazio,Vazio,Vazio,Vazio,Vazio,Vazio,Vazio,Vazio,Vazio,Vazio,Vazio,Bloco],[Vazio,Vazio,Vazio,Vazio,Vazio,Vazio,Vazio,Vazio,Vazio,Vazio,Bloco,Vazio,Vazio,Vazio,Vazio,Vazio,Vazio,Vazio,Vazio,Vazio,Vazio,Vazio,Vazio,Vazio,Vazio,Vazio,Vazio,Vazio,Vazio,Vazio,Vazio,Vazio,Caixa,Bloco],[Vazio,Vazio,Vazio,Vazio,Vazio,Vazio,Vazio,Vazio,Vazio,Vazio,Vazio,Bloco,Vazio,Vazio,Vazio,Vazio,Vazio,Vazio,Vazio,Vazio,Vazio,Vazio,Vazio,Vazio,Vazio,Vazio,Vazio,Vazio,Vazio,Vazio,Vazio,Vazio,Caixa,Caixa,Bloco],[Vazio,Vazio,Vazio,Vazio,Vazio,Vazio,Vazio,Vazio,Vazio,Vazio,Vazio,Vazio,Bloco,Vazio,Vazio,Vazio,Vazio,Vazio,Vazio,Vazio,Vazio,Vazio,Vazio,Vazio,Vazio,Vazio,Vazio,Vazio,Vazio,Vazio,Vazio,Vazio,Vazio,Bloco,Bloco,Bloco],[Vazio,Vazio,Vazio,Vazio,Vazio,Vazio,Vazio,Vazio,Vazio,Vazio,Vazio,Vazio,Bloco,Bloco,Vazio,Vazio,Vazio,Vazio,Bloco,Vazio,Vazio,Vazio,Vazio,Vazio,Vazio,Vazio,Vazio,Vazio,Vazio,Bloco,Vazio,Vazio,Vazio,Vazio,Bloco,Vazio,Vazio],[Vazio,Vazio,Vazio,Vazio,Vazio,Vazio,Vazio,Vazio,Vazio,Vazio,Vazio,Vazio,Vazio,Bloco,Porta,Vazio,Vazio,Vazio,Vazio,Bloco,Vazio,Caixa,Vazio,Vazio,Vazio,Vazio,Vazio,Vazio,Vazio,Vazio,Bloco,Bloco,Bloco,Bloco,Bloco,Bloco,Vazio,Vazio],[Vazio,Vazio,Vazio,Vazio,Vazio,Vazio,Vazio,Vazio,Vazio,Vazio,Vazio,Vazio,Vazio,Vazio,Bloco,Bloco,Bloco,Bloco,Bloco,Vazio,Bloco,Vazio,Caixa,Vazio,Vazio,Vazio,Caixa,Vazio,Vazio,Bloco,Bloco,Bloco,Vazio,Vazio,Vazio,Vazio,Vazio,Vazio,Vazio],[Vazio,Vazio,Vazio,Vazio,Vazio,Vazio,Vazio,Vazio,Vazio,Vazio,Vazio,Vazio,Vazio,Vazio,Vazio,Vazio,Vazio,Vazio,Vazio,Bloco,Vazio,Bloco,Vazio,Caixa,Vazio,Bloco,Vazio,Bloco,Caixa,Vazio,Bloco,Vazio,Vazio,Vazio,Vazio,Vazio,Vazio,Vazio,Vazio,Vazio],[Vazio,Vazio,Vazio,Vazio,Vazio,Vazio,Vazio,Vazio,Vazio,Vazio,Vazio,Vazio,Vazio,Vazio,Vazio,Vazio,Vazio,Vazio,Vazio,Vazio,Bloco,Vazio,Bloco,Bloco,Bloco,Bloco,Bloco,Bloco,Bloco,Bloco,Bloco,Bloco,Vazio,Vazio,Vazio,Vazio,Vazio,Vazio,Vazio,Vazio,Vazio],[Vazio,Vazio,Vazio,Vazio,Vazio,Vazio,Vazio,Vazio,Vazio,Vazio,Vazio,Vazio,Vazio,Vazio,Vazio,Vazio,Vazio,Vazio,Vazio,Vazio,Vazio,Bloco,Bloco,Bloco,Vazio,Vazio,Vazio,Vazio,Vazio,Vazio,Vazio,Vazio,Vazio,Vazio,Vazio,Vazio,Vazio,Vazio,Vazio,Vazio,Vazio,Vazio]]
### Failure in: 1:11:Construir Mapa 12
tests/Fase1.hs:733
expected: [[Vazio,Vazio,Vazio,Vazio,Vazio,Vazio,Vazio],[Vazio,Vazio,Vazio,Vazio,Vazio,Vazio,Bloco],[Porta,Vazio,Vazio,Vazio,Vazio,Vazio,Bloco],[Vazio,Vazio,Bloco,Vazio,Caixa,Vazio,Bloco],[Bloco,Bloco,Bloco,Bloco,Bloco,Bloco,Bloco]]
 but got: [[Vazio,Vazio,Vazio,Vazio,Vazio,Vazio,Vazio],[Vazio,Vazio,Vazio,Vazio,Vazio,Vazio,Vazio,Bloco],[Vazio,Vazio,Porta,Vazio,Vazio,Vazio,Vazio,Vazio,Bloco],[Vazio,Vazio,Vazio,Vazio,Vazio,Bloco,Vazio,Caixa,Vazio,Bloco],[Vazio,Vazio,Vazio,Vazio,Bloco,Bloco,Bloco,Bloco,Bloco,Bloco,Bloco]]
### Failure in: 1:12:Construir Mapa 13
tests/Fase1.hs:734
expected: [[Vazio,Vazio,Vazio,Vazio,Vazio,Vazio,Vazio],[Vazio,Vazio,Vazio,Vazio,Vazio,Vazio,Bloco],[Vazio,Porta,Vazio,Vazio,Vazio,Vazio,Bloco],[Vazio,Vazio,Bloco,Vazio,Caixa,Vazio,Bloco],[Bloco,Bloco,Bloco,Bloco,Bloco,Bloco,Bloco]]
 but got: [[Vazio,Vazio,Vazio,Vazio,Vazio,Vazio,Vazio],[Vazio,Vazio,Vazio,Vazio,Vazio,Vazio,Vazio,Bloco],[Vazio,Vazio,Vazio,Porta,Vazio,Vazio,Vazio,Vazio,Bloco],[Vazio,Vazio,Vazio,Vazio,Vazio,Bloco,Vazio,Caixa,Vazio,Bloco],[Vazio,Vazio,Vazio,Vazio,Bloco,Bloco,Bloco,Bloco,Bloco,Bloco,Bloco]]
### Failure in: 1:13:Construir Mapa 14
tests/Fase1.hs:735
expected: [[Vazio,Vazio,Vazio,Vazio,Vazio,Vazio,Vazio,Vazio],[Vazio,Vazio,Vazio,Vazio,Vazio,Vazio,Vazio,Bloco],[Vazio,Porta,Bloco,Vazio,Vazio,Vazio,Caixa,Bloco],[Vazio,Vazio,Bloco,Vazio,Vazio,Caixa,Caixa,Bloco],[Bloco,Bloco,Bloco,Bloco,Bloco,Bloco,Bloco,Bloco]]
 but got: [[Vazio,Vazio,Vazio,Vazio,Vazio,Vazio,Vazio,Vazio],[Vazio,Vazio,Vazio,Vazio,Vazio,Vazio,Vazio,Vazio,Bloco],[Vazio,Vazio,Vazio,Porta,Bloco,Vazio,Vazio,Vazio,Caixa,Bloco],[Vazio,Vazio,Vazio,Vazio,Vazio,Bloco,Vazio,Vazio,Caixa,Caixa,Bloco],[Vazio,Vazio,Vazio,Vazio,Bloco,Bloco,Bloco,Bloco,Bloco,Bloco,Bloco,Bloco]]
### Failure in: 1:28:Identidade Mapa 01
tests/Fase1.hs:750
expected: [[Vazio,Vazio,Vazio,Vazio,Vazio,Vazio,Vazio],[Vazio,Vazio,Vazio,Vazio,Vazio,Vazio,Bloco],[Vazio,Vazio,Vazio,Vazio,Vazio,Vazio,Bloco],[Porta,Vazio,Bloco,Vazio,Caixa,Vazio,Bloco],[Bloco,Bloco,Bloco,Bloco,Bloco,Bloco,Bloco]]
 but got: [[Vazio,Vazio,Vazio,Vazio,Vazio,Vazio,Vazio],[Vazio,Vazio,Vazio,Vazio,Vazio,Vazio,Vazio,Bloco],[Vazio,Vazio,Vazio,Vazio,Vazio,Vazio,Vazio,Vazio,Bloco],[Vazio,Vazio,Vazio,Porta,Vazio,Bloco,Vazio,Caixa,Vazio,Bloco],[Vazio,Vazio,Vazio,Vazio,Bloco,Bloco,Bloco,Bloco,Bloco,Bloco,Bloco]]
### Failure in: 1:29:Identidade Mapa 02
tests/Fase1.hs:751
expected: [[Porta,Vazio,Vazio,Vazio,Vazio,Vazio],[Bloco,Bloco,Bloco,Bloco,Bloco,Bloco]]
 but got: [[Porta,Vazio,Vazio,Vazio,Vazio,Vazio],[Vazio,Bloco,Bloco,Bloco,Bloco,Bloco,Bloco]]
### Failure in: 1:30:Identidade Mapa 03
tests/Fase1.hs:752
expected: [[Vazio,Vazio,Vazio,Vazio,Vazio,Vazio],[Porta,Vazio,Bloco,Vazio,Vazio,Vazio],[Bloco,Bloco,Bloco,Bloco,Bloco,Bloco]]
 but got: [[Vazio,Vazio,Vazio,Vazio,Vazio,Vazio],[Vazio,Porta,Vazio,Bloco,Vazio,Vazio,Vazio],[Vazio,Vazio,Bloco,Bloco,Bloco,Bloco,Bloco,Bloco]]
### Failure in: 1:31:Identidade Mapa 04
tests/Fase1.hs:753
expected: [[Vazio,Vazio,Vazio,Vazio,Vazio,Vazio,Vazio],[Vazio,Vazio,Vazio,Vazio,Vazio,Vazio,Bloco],[Vazio,Vazio,Bloco,Vazio,Vazio,Vazio,Bloco],[Porta,Vazio,Bloco,Vazio,Vazio,Vazio,Bloco],[Bloco,Bloco,Bloco,Bloco,Bloco,Bloco,Bloco]]
 but got: [[Vazio,Vazio,Vazio,Vazio,Vazio,Vazio,Vazio],[Vazio,Vazio,Vazio,Vazio,Vazio,Vazio,Vazio,Bloco],[Vazio,Vazio,Vazio,Vazio,Bloco,Vazio,Vazio,Vazio,Bloco],[Vazio,Vazio,Vazio,Porta,Vazio,Bloco,Vazio,Vazio,Vazio,Bloco],[Vazio,Vazio,Vazio,Vazio,Bloco,Bloco,Bloco,Bloco,Bloco,Bloco,Bloco]]
### Failure in: 1:32:Identidade Mapa 05
tests/Fase1.hs:754
expected: [[Vazio,Vazio,Vazio,Vazio,Vazio,Vazio,Vazio],[Vazio,Vazio,Bloco,Vazio,Vazio,Vazio,Bloco],[Vazio,Vazio,Vazio,Vazio,Vazio,Vazio,Bloco],[Porta,Vazio,Bloco,Vazio,Vazio,Vazio,Bloco],[Bloco,Bloco,Bloco,Bloco,Bloco,Bloco,Bloco]]
 but got: [[Vazio,Vazio,Vazio,Vazio,Vazio,Vazio,Vazio],[Vazio,Vazio,Vazio,Bloco,Vazio,Vazio,Vazio,Bloco],[Vazio,Vazio,Vazio,Vazio,Vazio,Vazio,Vazio,Vazio,Bloco],[Vazio,Vazio,Vazio,Porta,Vazio,Bloco,Vazio,Vazio,Vazio,Bloco],[Vazio,Vazio,Vazio,Vazio,Bloco,Bloco,Bloco,Bloco,Bloco,Bloco,Bloco]]
### Failure in: 1:33:Identidade Mapa 06
tests/Fase1.hs:755
expected: [[Vazio,Vazio,Vazio,Vazio,Vazio,Vazio,Vazio],[Vazio,Vazio,Vazio,Vazio,Vazio,Vazio,Bloco],[Vazio,Vazio,Bloco,Vazio,Vazio,Vazio,Bloco],[Porta,Vazio,Bloco,Caixa,Vazio,Vazio,Bloco],[Bloco,Bloco,Bloco,Bloco,Bloco,Bloco,Bloco]]
 but got: [[Vazio,Vazio,Vazio,Vazio,Vazio,Vazio,Vazio],[Vazio,Vazio,Vazio,Vazio,Vazio,Vazio,Vazio,Bloco],[Vazio,Vazio,Vazio,Vazio,Bloco,Vazio,Vazio,Vazio,Bloco],[Vazio,Vazio,Vazio,Porta,Vazio,Bloco,Caixa,Vazio,Vazio,Bloco],[Vazio,Vazio,Vazio,Vazio,Bloco,Bloco,Bloco,Bloco,Bloco,Bloco,Bloco]]
### Failure in: 1:34:Identidade Mapa 07
tests/Fase1.hs:756
expected: [[Vazio,Vazio,Vazio,Bloco,Vazio,Vazio],[Porta,Vazio,Caixa,Vazio,Vazio,Vazio],[Bloco,Bloco,Bloco,Bloco,Bloco,Bloco]]
 but got: [[Vazio,Vazio,Vazio,Bloco,Vazio,Vazio],[Vazio,Porta,Vazio,Caixa,Vazio,Vazio,Vazio],[Vazio,Vazio,Bloco,Bloco,Bloco,Bloco,Bloco,Bloco]]
### Failure in: 1:35:Identidade Mapa 08
tests/Fase1.hs:757
expected: [[Vazio,Vazio,Bloco,Vazio,Vazio,Vazio],[Porta,Vazio,Caixa,Vazio,Vazio,Vazio],[Bloco,Bloco,Bloco,Bloco,Bloco,Bloco]]
 but got: [[Vazio,Vazio,Bloco,Vazio,Vazio,Vazio],[Vazio,Porta,Vazio,Caixa,Vazio,Vazio,Vazio],[Vazio,Vazio,Bloco,Bloco,Bloco,Bloco,Bloco,Bloco]]
### Failure in: 1:36:Identidade Mapa 09
tests/Fase1.hs:758
expected: [[Bloco,Vazio,Vazio,Vazio,Vazio,Vazio,Vazio,Vazio,Vazio,Vazio,Vazio,Vazio,Vazio,Vazio,Vazio,Vazio,Vazio,Vazio,Vazio,Bloco],[Bloco,Vazio,Vazio,Vazio,Vazio,Vazio,Vazio,Vazio,Vazio,Vazio,Vazio,Vazio,Vazio,Vazio,Vazio,Vazio,Vazio,Vazio,Vazio,Bloco],[Bloco,Vazio,Vazio,Vazio,Vazio,Vazio,Vazio,Vazio,Vazio,Vazio,Vazio,Vazio,Vazio,Vazio,Vazio,Vazio,Vazio,Vazio,Vazio,Bloco],[Bloco,Vazio,Vazio,Vazio,Vazio,Vazio,Vazio,Vazio,Vazio,Vazio,Vazio,Vazio,Vazio,Vazio,Vazio,Vazio,Vazio,Vazio,Vazio,Bloco],[Bloco,Vazio,Vazio,Vazio,Vazio,Vazio,Vazio,Vazio,Vazio,Vazio,Vazio,Vazio,Vazio,Vazio,Vazio,Vazio,Vazio,Vazio,Vazio,Bloco],[Bloco,Vazio,Vazio,Vazio,Bloco,Vazio,Vazio,Vazio,Vazio,Vazio,Vazio,Vazio,Bloco,Vazio,Vazio,Vazio,Vazio,Vazio,Vazio,Bloco],[Bloco,Porta,Vazio,Vazio,Bloco,Vazio,Vazio,Vazio,Bloco,Vazio,Caixa,Vazio,Bloco,Vazio,Vazio,Caixa,Vazio,Vazio,Vazio,Bloco],[Bloco,Bloco,Bloco,Bloco,Bloco,Bloco,Bloco,Bloco,Bloco,Bloco,Bloco,Bloco,Bloco,Bloco,Bloco,Bloco,Bloco,Bloco,Bloco,Bloco]]
 but got: [[Bloco,Vazio,Vazio,Vazio,Vazio,Vazio,Vazio,Vazio,Vazio,Vazio,Vazio,Vazio,Vazio,Vazio,Vazio,Vazio,Vazio,Vazio,Vazio,Bloco],[Vazio,Bloco,Vazio,Vazio,Vazio,Vazio,Vazio,Vazio,Vazio,Vazio,Vazio,Vazio,Vazio,Vazio,Vazio,Vazio,Vazio,Vazio,Vazio,Vazio,Bloco],[Vazio,Vazio,Bloco,Vazio,Vazio,Vazio,Vazio,Vazio,Vazio,Vazio,Vazio,Vazio,Vazio,Vazio,Vazio,Vazio,Vazio,Vazio,Vazio,Vazio,Vazio,Bloco],[Vazio,Vazio,Vazio,Bloco,Vazio,Vazio,Vazio,Vazio,Vazio,Vazio,Vazio,Vazio,Vazio,Vazio,Vazio,Vazio,Vazio,Vazio,Vazio,Vazio,Vazio,Vazio,Bloco],[Vazio,Vazio,Vazio,Vazio,Bloco,Vazio,Vazio,Vazio,Vazio,Vazio,Vazio,Vazio,Vazio,Vazio,Vazio,Vazio,Vazio,Vazio,Vazio,Vazio,Vazio,Vazio,Vazio,Bloco],[Vazio,Vazio,Vazio,Vazio,Vazio,Bloco,Vazio,Vazio,Vazio,Bloco,Vazio,Vazio,Vazio,Vazio,Vazio,Vazio,Vazio,Bloco,Vazio,Vazio,Vazio,Vazio,Vazio,Vazio,Bloco],[Vazio,Vazio,Vazio,Vazio,Vazio,Vazio,Bloco,Porta,Vazio,Vazio,Bloco,Vazio,Vazio,Vazio,Bloco,Vazio,Caixa,Vazio,Bloco,Vazio,Vazio,Caixa,Vazio,Vazio,Vazio,Bloco],[Vazio,Vazio,Vazio,Vazio,Vazio,Vazio,Vazio,Bloco,Bloco,Bloco,Bloco,Bloco,Bloco,Bloco,Bloco,Bloco,Bloco,Bloco,Bloco,Bloco,Bloco,Bloco,Bloco,Bloco,Bloco,Bloco,Bloco]]
### Failure in: 1:37:Identidade Mapa 10
tests/Fase1.hs:759
expected: [[Vazio,Vazio,Vazio,Vazio,Vazio,Vazio,Vazio,Vazio,Vazio,Vazio,Vazio,Vazio,Vazio,Vazio,Vazio,Vazio,Vazio,Vazio,Vazio,Vazio],[Vazio,Vazio,Vazio,Vazio,Vazio,Vazio,Vazio,Vazio,Vazio,Vazio,Vazio,Vazio,Vazio,Vazio,Vazio,Vazio,Vazio,Vazio,Vazio,Vazio],[Vazio,Vazio,Vazio,Vazio,Vazio,Vazio,Vazio,Vazio,Vazio,Vazio,Vazio,Vazio,Vazio,Vazio,Vazio,Vazio,Vazio,Vazio,Vazio,Vazio],[Vazio,Vazio,Vazio,Vazio,Vazio,Vazio,Vazio,Vazio,Vazio,Vazio,Vazio,Vazio,Vazio,Vazio,Vazio,Vazio,Vazio,Vazio,Vazio,Vazio],[Vazio,Vazio,Vazio,Vazio,Vazio,Vazio,Vazio,Vazio,Vazio,Vazio,Vazio,Vazio,Vazio,Vazio,Vazio,Vazio,Vazio,Vazio,Vazio,Vazio],[Vazio,Vazio,Vazio,Vazio,Bloco,Vazio,Vazio,Vazio,Vazio,Vazio,Vazio,Vazio,Bloco,Vazio,Vazio,Vazio,Vazio,Vazio,Vazio,Vazio],[Vazio,Porta,Vazio,Vazio,Bloco,Vazio,Vazio,Vazio,Bloco,Vazio,Caixa,Vazio,Bloco,Vazio,Vazio,Caixa,Vazio,Vazio,Vazio,Vazio],[Bloco,Bloco,Bloco,Bloco,Bloco,Bloco,Bloco,Bloco,Bloco,Bloco,Bloco,Bloco,Bloco,Bloco,Bloco,Bloco,Bloco,Bloco,Bloco,Bloco]]
 but got: [[Vazio,Vazio,Vazio,Vazio,Vazio,Vazio,Vazio,Vazio,Vazio,Vazio,Vazio,Vazio,Vazio,Vazio,Vazio,Vazio,Vazio,Vazio,Vazio,Vazio],[Vazio,Vazio,Vazio,Vazio,Vazio,Vazio,Vazio,Vazio,Vazio,Vazio,Vazio,Vazio,Vazio,Vazio,Vazio,Vazio,Vazio,Vazio,Vazio,Vazio,Vazio],[Vazio,Vazio,Vazio,Vazio,Vazio,Vazio,Vazio,Vazio,Vazio,Vazio,Vazio,Vazio,Vazio,Vazio,Vazio,Vazio,Vazio,Vazio,Vazio,Vazio,Vazio,Vazio],[Vazio,Vazio,Vazio,Vazio,Vazio,Vazio,Vazio,Vazio,Vazio,Vazio,Vazio,Vazio,Vazio,Vazio,Vazio,Vazio,Vazio,Vazio,Vazio,Vazio,Vazio,Vazio,Vazio],[Vazio,Vazio,Vazio,Vazio,Vazio,Vazio,Vazio,Vazio,Vazio,Vazio,Vazio,Vazio,Vazio,Vazio,Vazio,Vazio,Vazio,Vazio,Vazio,Vazio,Vazio,Vazio,Vazio,Vazio],[Vazio,Vazio,Vazio,Vazio,Vazio,Vazio,Vazio,Vazio,Vazio,Bloco,Vazio,Vazio,Vazio,Vazio,Vazio,Vazio,Vazio,Bloco,Vazio,Vazio,Vazio,Vazio,Vazio,Vazio,Vazio],[Vazio,Vazio,Vazio,Vazio,Vazio,Vazio,Vazio,Porta,Vazio,Vazio,Bloco,Vazio,Vazio,Vazio,Bloco,Vazio,Caixa,Vazio,Bloco,Vazio,Vazio,Caixa,Vazio,Vazio,Vazio,Vazio],[Vazio,Vazio,Vazio,Vazio,Vazio,Vazio,Vazio,Bloco,Bloco,Bloco,Bloco,Bloco,Bloco,Bloco,Bloco,Bloco,Bloco,Bloco,Bloco,Bloco,Bloco,Bloco,Bloco,Bloco,Bloco,Bloco,Bloco]]
### Failure in: 1:38:Identidade Mapa 11
tests/Fase1.hs:760
expected: [[Vazio,Vazio,Vazio,Vazio,Vazio,Vazio,Vazio,Vazio,Vazio,Vazio,Vazio,Vazio,Vazio,Vazio,Vazio,Vazio,Vazio,Vazio,Vazio,Bloco,Vazio,Vazio,Vazio,Vazio,Vazio],[Vazio,Vazio,Vazio,Vazio,Vazio,Vazio,Vazio,Vazio,Vazio,Vazio,Vazio,Vazio,Vazio,Vazio,Vazio,Vazio,Vazio,Vazio,Bloco,Vazio,Bloco,Vazio,Vazio,Vazio,Vazio],[Vazio,Vazio,Vazio,Vazio,Vazio,Vazio,Vazio,Vazio,Vazio,Vazio,Vazio,Vazio,Vazio,Vazio,Vazio,Vazio,Vazio,Bloco,Vazio,Vazio,Vazio,Bloco,Vazio,Vazio,Vazio],[Vazio,Vazio,Vazio,Vazio,Vazio,Vazio,Vazio,Bloco,Vazio,Vazio,Vazio,Vazio,Vazio,Vazio,Vazio,Vazio,Bloco,Vazio,Vazio,Vazio,Vazio,Vazio,Bloco,Vazio,Vazio],[Vazio,Vazio,Vazio,Vazio,Vazio,Vazio,Bloco,Vazio,Bloco,Vazio,Vazio,Vazio,Vazio,Vazio,Vazio,Bloco,Vazio,Vazio,Vazio,Vazio,Vazio,Vazio,Vazio,Bloco,Vazio],[Vazio,Vazio,Vazio,Bloco,Bloco,Bloco,Vazio,Vazio,Vazio,Bloco,Vazio,Vazio,Vazio,Vazio,Bloco,Vazio,Vazio,Vazio,Vazio,Vazio,Vazio,Vazio,Vazio,Vazio,Bloco],[Vazio,Vazio,Bloco,Vazio,Vazio,Vazio,Vazio,Vazio,Vazio,Vazio,Bloco,Vazio,Vazio,Bloco,Vazio,Vazio,Vazio,Vazio,Vazio,Vazio,Vazio,Vazio,Vazio,Vazio,Bloco],[Vazio,Bloco,Vazio,Vazio,Vazio,Vazio,Vazio,Vazio,Vazio,Vazio,Vazio,Bloco,Bloco,Vazio,Vazio,Vazio,Vazio,Vazio,Vazio,Vazio,Vazio,Vazio,Vazio,Vazio,Bloco],[Vazio,Bloco,Vazio,Vazio,Vazio,Vazio,Vazio,Vazio,Vazio,Vazio,Vazio,Vazio,Vazio,Vazio,Vazio,Vazio,Vazio,Vazio,Vazio,Vazio,Vazio,Vazio,Vazio,Vazio,Bloco],[Vazio,Bloco,Vazio,Vazio,Vazio,Vazio,Vazio,Vazio,Vazio,Vazio,Vazio,Vazio,Vazio,Vazio,Vazio,Vazio,Vazio,Vazio,Vazio,Vazio,Vazio,Vazio,Vazio,Caixa,Bloco],[Vazio,Bloco,Vazio,Vazio,Vazio,Vazio,Vazio,Vazio,Vazio,Vazio,Vazio,Vazio,Vazio,Vazio,Vazio,Vazio,Vazio,Vazio,Vazio,Vazio,Vazio,Vazio,Caixa,Caixa,Bloco],[Vazio,Bloco,Vazio,Vazio,Vazio,Vazio,Vazio,Vazio,Vazio,Vazio,Vazio,Vazio,Vazio,Vazio,Vazio,Vazio,Vazio,Vazio,Vazio,Vazio,Vazio,Vazio,Bloco,Bloco,Bloco],[Bloco,Bloco,Vazio,Vazio,Vazio,Vazio,Bloco,Vazio,Vazio,Vazio,Vazio,Vazio,Vazio,Vazio,Vazio,Vazio,Vazio,Bloco,Vazio,Vazio,Vazio,Vazio,Bloco,Vazio,Vazio],[Bloco,Porta,Vazio,Vazio,Vazio,Vazio,Bloco,Vazio,Caixa,Vazio,Vazio,Vazio,Vazio,Vazio,Vazio,Vazio,Vazio,Bloco,Bloco,Bloco,Bloco,Bloco,Bloco,Vazio,Vazio],[Bloco,Bloco,Bloco,Bloco,Bloco,Vazio,Bloco,Vazio,Caixa,Vazio,Vazio,Vazio,Caixa,Vazio,Vazio,Bloco,Bloco,Bloco,Vazio,Vazio,Vazio,Vazio,Vazio,Vazio,Vazio],[Vazio,Vazio,Vazio,Vazio,Bloco,Vazio,Bloco,Vazio,Caixa,Vazio,Bloco,Vazio,Bloco,Caixa,Vazio,Bloco,Vazio,Vazio,Vazio,Vazio,Vazio,Vazio,Vazio,Vazio,Vazio],[Vazio,Vazio,Vazio,Vazio,Bloco,Vazio,Bloco,Bloco,Bloco,Bloco,Bloco,Bloco,Bloco,Bloco,Bloco,Bloco,Vazio,Vazio,Vazio,Vazio,Vazio,Vazio,Vazio,Vazio,Vazio],[Vazio,Vazio,Vazio,Vazio,Bloco,Bloco,Bloco,Vazio,Vazio,Vazio,Vazio,Vazio,Vazio,Vazio,Vazio,Vazio,Vazio,Vazio,Vazio,Vazio,Vazio,Vazio,Vazio,Vazio,Vazio]]
 but got: [[Vazio,Vazio,Vazio,Vazio,Vazio,Vazio,Vazio,Vazio,Vazio,Vazio,Vazio,Vazio,Vazio,Vazio,Vazio,Vazio,Vazio,Vazio,Vazio,Bloco,Vazio,Vazio,Vazio,Vazio,Vazio],[Vazio,Vazio,Vazio,Vazio,Vazio,Vazio,Vazio,Vazio,Vazio,Vazio,Vazio,Vazio,Vazio,Vazio,Vazio,Vazio,Vazio,Vazio,Vazio,Bloco,Vazio,Bloco,Vazio,Vazio,Vazio,Vazio],[Vazio,Vazio,Vazio,Vazio,Vazio,Vazio,Vazio,Vazio,Vazio,Vazio,Vazio,Vazio,Vazio,Vazio,Vazio,Vazio,Vazio,Vazio,Vazio,Bloco,Vazio,Vazio,Vazio,Bloco,Vazio,Vazio,Vazio],[Vazio,Vazio,Vazio,Vazio,Vazio,Vazio,Vazio,Vazio,Vazio,Vazio,Bloco,Vazio,Vazio,Vazio,Vazio,Vazio,Vazio,Vazio,Vazio,Bloco,Vazio,Vazio,Vazio,Vazio,Vazio,Bloco,Vazio,Vazio],[Vazio,Vazio,Vazio,Vazio,Vazio,Vazio,Vazio,Vazio,Vazio,Vazio,Bloco,Vazio,Bloco,Vazio,Vazio,Vazio,Vazio,Vazio,Vazio,Bloco,Vazio,Vazio,Vazio,Vazio,Vazio,Vazio,Vazio,Bloco,Vazio],[Vazio,Vazio,Vazio,Vazio,Vazio,Vazio,Vazio,Vazio,Bloco,Bloco,Bloco,Vazio,Vazio,Vazio,Bloco,Vazio,Vazio,Vazio,Vazio,Bloco,Vazio,Vazio,Vazio,Vazio,Vazio,Vazio,Vazio,Vazio,Vazio,Bloco],[Vazio,Vazio,Vazio,Vazio,Vazio,Vazio,Vazio,Vazio,Bloco,Vazio,Vazio,Vazio,Vazio,Vazio,Vazio,Vazio,Bloco,Vazio,Vazio,Bloco,Vazio,Vazio,Vazio,Vazio,Vazio,Vazio,Vazio,Vazio,Vazio,Vazio,Bloco],[Vazio,Vazio,Vazio,Vazio,Vazio,Vazio,Vazio,Vazio,Bloco,Vazio,Vazio,Vazio,Vazio,Vazio,Vazio,Vazio,Vazio,Vazio,Bloco,Bloco,Vazio,Vazio,Vazio,Vazio,Vazio,Vazio,Vazio,Vazio,Vazio,Vazio,Vazio,Bloco],[Vazio,Vazio,Vazio,Vazio,Vazio,Vazio,Vazio,Vazio,Vazio,Bloco,Vazio,Vazio,Vazio,Vazio,Vazio,Vazio,Vazio,Vazio,Vazio,Vazio,Vazio,Vazio,Vazio,Vazio,Vazio,Vazio,Vazio,Vazio,Vazio,Vazio,Vazio,Vazio,Bloco],[Vazio,Vazio,Vazio,Vazio,Vazio,Vazio,Vazio,Vazio,Vazio,Vazio,Bloco,Vazio,Vazio,Vazio,Vazio,Vazio,Vazio,Vazio,Vazio,Vazio,Vazio,Vazio,Vazio,Vazio,Vazio,Vazio,Vazio,Vazio,Vazio,Vazio,Vazio,Vazio,Caixa,Bloco],[Vazio,Vazio,Vazio,Vazio,Vazio,Vazio,Vazio,Vazio,Vazio,Vazio,Vazio,Bloco,Vazio,Vazio,Vazio,Vazio,Vazio,Vazio,Vazio,Vazio,Vazio,Vazio,Vazio,Vazio,Vazio,Vazio,Vazio,Vazio,Vazio,Vazio,Vazio,Vazio,Caixa,Caixa,Bloco],[Vazio,Vazio,Vazio,Vazio,Vazio,Vazio,Vazio,Vazio,Vazio,Vazio,Vazio,Vazio,Bloco,Vazio,Vazio,Vazio,Vazio,Vazio,Vazio,Vazio,Vazio,Vazio,Vazio,Vazio,Vazio,Vazio,Vazio,Vazio,Vazio,Vazio,Vazio,Vazio,Vazio,Bloco,Bloco,Bloco],[Vazio,Vazio,Vazio,Vazio,Vazio,Vazio,Vazio,Vazio,Vazio,Vazio,Vazio,Vazio,Bloco,Bloco,Vazio,Vazio,Vazio,Vazio,Bloco,Vazio,Vazio,Vazio,Vazio,Vazio,Vazio,Vazio,Vazio,Vazio,Vazio,Bloco,Vazio,Vazio,Vazio,Vazio,Bloco,Vazio,Vazio],[Vazio,Vazio,Vazio,Vazio,Vazio,Vazio,Vazio,Vazio,Vazio,Vazio,Vazio,Vazio,Vazio,Bloco,Porta,Vazio,Vazio,Vazio,Vazio,Bloco,Vazio,Caixa,Vazio,Vazio,Vazio,Vazio,Vazio,Vazio,Vazio,Vazio,Bloco,Bloco,Bloco,Bloco,Bloco,Bloco,Vazio,Vazio],[Vazio,Vazio,Vazio,Vazio,Vazio,Vazio,Vazio,Vazio,Vazio,Vazio,Vazio,Vazio,Vazio,Vazio,Bloco,Bloco,Bloco,Bloco,Bloco,Vazio,Bloco,Vazio,Caixa,Vazio,Vazio,Vazio,Caixa,Vazio,Vazio,Bloco,Bloco,Bloco,Vazio,Vazio,Vazio,Vazio,Vazio,Vazio,Vazio],[Vazio,Vazio,Vazio,Vazio,Vazio,Vazio,Vazio,Vazio,Vazio,Vazio,Vazio,Vazio,Vazio,Vazio,Vazio,Vazio,Vazio,Vazio,Vazio,Bloco,Vazio,Bloco,Vazio,Caixa,Vazio,Bloco,Vazio,Bloco,Caixa,Vazio,Bloco,Vazio,Vazio,Vazio,Vazio,Vazio,Vazio,Vazio,Vazio,Vazio],[Vazio,Vazio,Vazio,Vazio,Vazio,Vazio,Vazio,Vazio,Vazio,Vazio,Vazio,Vazio,Vazio,Vazio,Vazio,Vazio,Vazio,Vazio,Vazio,Vazio,Bloco,Vazio,Bloco,Bloco,Bloco,Bloco,Bloco,Bloco,Bloco,Bloco,Bloco,Bloco,Vazio,Vazio,Vazio,Vazio,Vazio,Vazio,Vazio,Vazio,Vazio],[Vazio,Vazio,Vazio,Vazio,Vazio,Vazio,Vazio,Vazio,Vazio,Vazio,Vazio,Vazio,Vazio,Vazio,Vazio,Vazio,Vazio,Vazio,Vazio,Vazio,Vazio,Bloco,Bloco,Bloco,Vazio,Vazio,Vazio,Vazio,Vazio,Vazio,Vazio,Vazio,Vazio,Vazio,Vazio,Vazio,Vazio,Vazio,Vazio,Vazio,Vazio,Vazio]]
### Failure in: 1:39:Identidade Mapa 12
tests/Fase1.hs:761
expected: [[Vazio,Vazio,Vazio,Vazio,Vazio,Vazio,Vazio],[Vazio,Vazio,Vazio,Vazio,Vazio,Vazio,Bloco],[Porta,Vazio,Vazio,Vazio,Vazio,Vazio,Bloco],[Vazio,Vazio,Bloco,Vazio,Caixa,Vazio,Bloco],[Bloco,Bloco,Bloco,Bloco,Bloco,Bloco,Bloco]]
 but got: [[Vazio,Vazio,Vazio,Vazio,Vazio,Vazio,Vazio],[Vazio,Vazio,Vazio,Vazio,Vazio,Vazio,Vazio,Bloco],[Vazio,Vazio,Porta,Vazio,Vazio,Vazio,Vazio,Vazio,Bloco],[Vazio,Vazio,Vazio,Vazio,Vazio,Bloco,Vazio,Caixa,Vazio,Bloco],[Vazio,Vazio,Vazio,Vazio,Bloco,Bloco,Bloco,Bloco,Bloco,Bloco,Bloco]]
### Failure in: 1:40:Identidade Mapa 13
tests/Fase1.hs:762
expected: [[Vazio,Vazio,Vazio,Vazio,Vazio,Vazio,Vazio],[Vazio,Vazio,Vazio,Vazio,Vazio,Vazio,Bloco],[Vazio,Porta,Vazio,Vazio,Vazio,Vazio,Bloco],[Vazio,Vazio,Bloco,Vazio,Caixa,Vazio,Bloco],[Bloco,Bloco,Bloco,Bloco,Bloco,Bloco,Bloco]]
 but got: [[Vazio,Vazio,Vazio,Vazio,Vazio,Vazio,Vazio],[Vazio,Vazio,Vazio,Vazio,Vazio,Vazio,Vazio,Bloco],[Vazio,Vazio,Vazio,Porta,Vazio,Vazio,Vazio,Vazio,Bloco],[Vazio,Vazio,Vazio,Vazio,Vazio,Bloco,Vazio,Caixa,Vazio,Bloco],[Vazio,Vazio,Vazio,Vazio,Bloco,Bloco,Bloco,Bloco,Bloco,Bloco,Bloco]]
### Failure in: 1:41:Identidade Mapa 14
tests/Fase1.hs:763
expected: [[Vazio,Vazio,Vazio,Vazio,Vazio,Vazio,Vazio,Vazio],[Vazio,Vazio,Vazio,Vazio,Vazio,Vazio,Vazio,Bloco],[Vazio,Porta,Bloco,Vazio,Vazio,Vazio,Caixa,Bloco],[Vazio,Vazio,Bloco,Vazio,Vazio,Caixa,Caixa,Bloco],[Bloco,Bloco,Bloco,Bloco,Bloco,Bloco,Bloco,Bloco]]
 but got: [[Vazio,Vazio,Vazio,Vazio,Vazio,Vazio,Vazio,Vazio],[Vazio,Vazio,Vazio,Vazio,Vazio,Vazio,Vazio,Vazio,Bloco],[Vazio,Vazio,Vazio,Porta,Bloco,Vazio,Vazio,Vazio,Caixa,Bloco],[Vazio,Vazio,Vazio,Vazio,Vazio,Bloco,Vazio,Vazio,Caixa,Caixa,Bloco],[Vazio,Vazio,Vazio,Vazio,Bloco,Bloco,Bloco,Bloco,Bloco,Bloco,Bloco,Bloco]]
### Error in:   2:0:Show Jogo 01
Prelude.undefined
CallStack (from HasCallStack):
  error, called at libraries/base/GHC/Err.hs:75:14 in base:GHC.Err
  undefined, called at src/Tarefa3_2021li1g117.hs:14:10 in 2021li1g117-0.1.0.0-FHefRRgFwpFKrsk6VcroZj:Tarefa3_2021li1g117
### Error in:   2:1:Show Jogo 02
Prelude.undefined
CallStack (from HasCallStack):
  error, called at libraries/base/GHC/Err.hs:75:14 in base:GHC.Err
  undefined, called at src/Tarefa3_2021li1g117.hs:14:10 in 2021li1g117-0.1.0.0-FHefRRgFwpFKrsk6VcroZj:Tarefa3_2021li1g117
### Error in:   2:2:Show Jogo 03
Prelude.undefined
CallStack (from HasCallStack):
  error, called at libraries/base/GHC/Err.hs:75:14 in base:GHC.Err
  undefined, called at src/Tarefa3_2021li1g117.hs:14:10 in 2021li1g117-0.1.0.0-FHefRRgFwpFKrsk6VcroZj:Tarefa3_2021li1g117
### Error in:   2:3:Show Jogo 04
Prelude.undefined
CallStack (from HasCallStack):
  error, called at libraries/base/GHC/Err.hs:75:14 in base:GHC.Err
  undefined, called at src/Tarefa3_2021li1g117.hs:14:10 in 2021li1g117-0.1.0.0-FHefRRgFwpFKrsk6VcroZj:Tarefa3_2021li1g117
### Error in:   2:4:Show Jogo 04
Prelude.undefined
CallStack (from HasCallStack):
  error, called at libraries/base/GHC/Err.hs:75:14 in base:GHC.Err
  undefined, called at src/Tarefa3_2021li1g117.hs:14:10 in 2021li1g117-0.1.0.0-FHefRRgFwpFKrsk6VcroZj:Tarefa3_2021li1g117
### Error in:   2:5:Show Jogo 05
Prelude.undefined
CallStack (from HasCallStack):
  error, called at libraries/base/GHC/Err.hs:75:14 in base:GHC.Err
  undefined, called at src/Tarefa3_2021li1g117.hs:14:10 in 2021li1g117-0.1.0.0-FHefRRgFwpFKrsk6VcroZj:Tarefa3_2021li1g117
### Error in:   2:6:Show Jogo 06
Prelude.undefined
CallStack (from HasCallStack):
  error, called at libraries/base/GHC/Err.hs:75:14 in base:GHC.Err
  undefined, called at src/Tarefa3_2021li1g117.hs:14:10 in 2021li1g117-0.1.0.0-FHefRRgFwpFKrsk6VcroZj:Tarefa3_2021li1g117
### Error in:   2:7:Show Jogo 07
Prelude.undefined
CallStack (from HasCallStack):
  error, called at libraries/base/GHC/Err.hs:75:14 in base:GHC.Err
  undefined, called at src/Tarefa3_2021li1g117.hs:14:10 in 2021li1g117-0.1.0.0-FHefRRgFwpFKrsk6VcroZj:Tarefa3_2021li1g117
### Error in:   2:8:Show Jogo 08
Prelude.undefined
CallStack (from HasCallStack):
  error, called at libraries/base/GHC/Err.hs:75:14 in base:GHC.Err
  undefined, called at src/Tarefa3_2021li1g117.hs:14:10 in 2021li1g117-0.1.0.0-FHefRRgFwpFKrsk6VcroZj:Tarefa3_2021li1g117
### Error in:   3:0:Movimento Trepar no Jogo 01
Prelude.undefined
CallStack (from HasCallStack):
  error, called at libraries/base/GHC/Err.hs:75:14 in base:GHC.Err
  undefined, called at src/Tarefa4_2021li1g117.hs:13:30 in 2021li1g117-0.1.0.0-FHefRRgFwpFKrsk6VcroZj:Tarefa4_2021li1g117
### Error in:   3:1:Movimento Trepar no Jogo 02
Prelude.undefined
CallStack (from HasCallStack):
  error, called at libraries/base/GHC/Err.hs:75:14 in base:GHC.Err
  undefined, called at src/Tarefa4_2021li1g117.hs:13:30 in 2021li1g117-0.1.0.0-FHefRRgFwpFKrsk6VcroZj:Tarefa4_2021li1g117
### Error in:   3:2:Movimento Trepar Porta
Prelude.undefined
CallStack (from HasCallStack):
  error, called at libraries/base/GHC/Err.hs:75:14 in base:GHC.Err
  undefined, called at src/Tarefa4_2021li1g117.hs:13:30 in 2021li1g117-0.1.0.0-FHefRRgFwpFKrsk6VcroZj:Tarefa4_2021li1g117
### Error in:   3:3:Movimento Trepar para cima bloco
Prelude.undefined
CallStack (from HasCallStack):
  error, called at libraries/base/GHC/Err.hs:75:14 in base:GHC.Err
  undefined, called at src/Tarefa4_2021li1g117.hs:13:30 in 2021li1g117-0.1.0.0-FHefRRgFwpFKrsk6VcroZj:Tarefa4_2021li1g117
### Error in:   3:4:Movimento Trepar para Este contra parede
Prelude.undefined
CallStack (from HasCallStack):
  error, called at libraries/base/GHC/Err.hs:75:14 in base:GHC.Err
  undefined, called at src/Tarefa4_2021li1g117.hs:13:30 in 2021li1g117-0.1.0.0-FHefRRgFwpFKrsk6VcroZj:Tarefa4_2021li1g117
### Error in:   3:5:Movimento Trepar para Este com caixa
Prelude.undefined
CallStack (from HasCallStack):
  error, called at libraries/base/GHC/Err.hs:75:14 in base:GHC.Err
  undefined, called at src/Tarefa4_2021li1g117.hs:13:30 in 2021li1g117-0.1.0.0-FHefRRgFwpFKrsk6VcroZj:Tarefa4_2021li1g117
### Error in:   3:6:Movimento Trepar para Oeste para cima de Caixa
Prelude.undefined
CallStack (from HasCallStack):
  error, called at libraries/base/GHC/Err.hs:75:14 in base:GHC.Err
  undefined, called at src/Tarefa4_2021li1g117.hs:13:30 in 2021li1g117-0.1.0.0-FHefRRgFwpFKrsk6VcroZj:Tarefa4_2021li1g117
### Error in:   3:7:Movimento Trepar para Este para cima de Caixa
Prelude.undefined
CallStack (from HasCallStack):
  error, called at libraries/base/GHC/Err.hs:75:14 in base:GHC.Err
  undefined, called at src/Tarefa4_2021li1g117.hs:13:30 in 2021li1g117-0.1.0.0-FHefRRgFwpFKrsk6VcroZj:Tarefa4_2021li1g117
### Error in:   3:8:Movimento Trepar para Oeste para cima de Caixa com Caixa
Prelude.undefined
CallStack (from HasCallStack):
  error, called at libraries/base/GHC/Err.hs:75:14 in base:GHC.Err
  undefined, called at src/Tarefa4_2021li1g117.hs:13:30 in 2021li1g117-0.1.0.0-FHefRRgFwpFKrsk6VcroZj:Tarefa4_2021li1g117
### Error in:   3:9:Movimento Trepar para Este para cima de Caixa com Caixa
Prelude.undefined
CallStack (from HasCallStack):
  error, called at libraries/base/GHC/Err.hs:75:14 in base:GHC.Err
  undefined, called at src/Tarefa4_2021li1g117.hs:13:30 in 2021li1g117-0.1.0.0-FHefRRgFwpFKrsk6VcroZj:Tarefa4_2021li1g117
### Error in:   3:10:Movimento Trepar para Oeste com Caixa bloqueda por bloco
Prelude.undefined
CallStack (from HasCallStack):
  error, called at libraries/base/GHC/Err.hs:75:14 in base:GHC.Err
  undefined, called at src/Tarefa4_2021li1g117.hs:13:30 in 2021li1g117-0.1.0.0-FHefRRgFwpFKrsk6VcroZj:Tarefa4_2021li1g117
### Error in:   3:11:Movimento Trepar para Oeste para entre blocos
Prelude.undefined
CallStack (from HasCallStack):
  error, called at libraries/base/GHC/Err.hs:75:14 in base:GHC.Err
  undefined, called at src/Tarefa4_2021li1g117.hs:13:30 in 2021li1g117-0.1.0.0-FHefRRgFwpFKrsk6VcroZj:Tarefa4_2021li1g117
### Error in:   3:12:Movimento AndarEsquerda bloqueado pela caixa contra bloco
Prelude.undefined
CallStack (from HasCallStack):
  error, called at libraries/base/GHC/Err.hs:75:14 in base:GHC.Err
  undefined, called at src/Tarefa4_2021li1g117.hs:13:30 in 2021li1g117-0.1.0.0-FHefRRgFwpFKrsk6VcroZj:Tarefa4_2021li1g117
### Error in:   3:13:Movimento AndarEsquerda no Jogo 03
Prelude.undefined
CallStack (from HasCallStack):
  error, called at libraries/base/GHC/Err.hs:75:14 in base:GHC.Err
  undefined, called at src/Tarefa4_2021li1g117.hs:13:30 in 2021li1g117-0.1.0.0-FHefRRgFwpFKrsk6VcroZj:Tarefa4_2021li1g117
### Error in:   3:14:Movimento AndarEsquerda para cima caixa
Prelude.undefined
CallStack (from HasCallStack):
  error, called at libraries/base/GHC/Err.hs:75:14 in base:GHC.Err
  undefined, called at src/Tarefa4_2021li1g117.hs:13:30 in 2021li1g117-0.1.0.0-FHefRRgFwpFKrsk6VcroZj:Tarefa4_2021li1g117
### Error in:   3:15:Movimento AndarEsquerda para cima caixa com caixa
Prelude.undefined
CallStack (from HasCallStack):
  error, called at libraries/base/GHC/Err.hs:75:14 in base:GHC.Err
  undefined, called at src/Tarefa4_2021li1g117.hs:13:30 in 2021li1g117-0.1.0.0-FHefRRgFwpFKrsk6VcroZj:Tarefa4_2021li1g117
### Error in:   3:16:Movimento AndarEsquerda de um muro
Prelude.undefined
CallStack (from HasCallStack):
  error, called at libraries/base/GHC/Err.hs:75:14 in base:GHC.Err
  undefined, called at src/Tarefa4_2021li1g117.hs:13:30 in 2021li1g117-0.1.0.0-FHefRRgFwpFKrsk6VcroZj:Tarefa4_2021li1g117
### Error in:   3:17:Movimento AndarDireita no Jogo 03
Prelude.undefined
CallStack (from HasCallStack):
  error, called at libraries/base/GHC/Err.hs:75:14 in base:GHC.Err
  undefined, called at src/Tarefa4_2021li1g117.hs:13:30 in 2021li1g117-0.1.0.0-FHefRRgFwpFKrsk6VcroZj:Tarefa4_2021li1g117
### Error in:   3:18:Movimento AndarDireita no Jogo 04
Prelude.undefined
CallStack (from HasCallStack):
  error, called at libraries/base/GHC/Err.hs:75:14 in base:GHC.Err
  undefined, called at src/Tarefa4_2021li1g117.hs:13:30 in 2021li1g117-0.1.0.0-FHefRRgFwpFKrsk6VcroZj:Tarefa4_2021li1g117
### Error in:   3:19:Movimento AndarDireita no Jogo 06
Pre